======================================================================
03_train_baselines.py (type-aware negative sampling)
======================================================================

[1/6] Loading graph ...
Graph: 206,151 nodes, 24 relations, 631,659 triples
Node types: 18
  ChemicalLocationAssociation: [82 - 131,692) = 131,610 nodes
  VitalStatistics: [135,513 - 169,001) = 33,488 nodes
  GeneDiseaseAssociation: [187,717 - 205,418) = 17,701 nodes
  Gene: [171,018 - 181,117) = 10,099 nodes
  GeneFusion: [181,117 - 185,383) = 4,266 nodes
  GeoPoliticalRegion: [131,743 - 134,886) = 3,143 nodes
  ChromoRearr: [169,025 - 171,018) = 1,993 nodes
  Pathway: [185,516 - 187,008) = 1,492 nodes
  VariantDiseaseAssociation: [205,418 - 206,151) = 733 nodes
  Variant: [187,008 - 187,717) = 709 nodes
  GeographicRegion: [134,886 - 135,404) = 518 nodes
  GeneProduct: [185,383 - 185,516) = 133 nodes
  CalendarYear: [0 - 72) = 72 nodes
  People: [135,447 - 135,513) = 66 nodes
  Country: [131,692 - 131,743) = 51 nodes
  Disease: [135,404 - 135,447) = 43 nodes
  Biomarker: [169,001 - 169,025) = 24 nodes
  Chemical: [72 - 82) = 10 nodes
Device: cuda

[2/6] Splitting triples ...
Split: 505,329 train, 63,165 val, 63,165 test
  Filter set: 631,659 known triples

[3/6] Training TransE ...
    Epoch   1/200  loss=0.8080
    Epoch  20/200  loss=0.1565
    Epoch  40/200  loss=0.0693
    Epoch  60/200  loss=0.0521
    Epoch  80/200  loss=0.0436
    Epoch 100/200  loss=0.0387
    Epoch 120/200  loss=0.0359
    Epoch 140/200  loss=0.0340
    Epoch 160/200  loss=0.0327
    Epoch 180/200  loss=0.0314
    Epoch 200/200  loss=0.0307
    Done in 530.2s
  Evaluating TransE ...
    Overall: MRR=0.2466  H@1=0.1280  H@3=0.2720  H@10=0.5360
    CLA - Year: MRR=0.1815  H@10=0.6526  (n=95)
    CLA - Chemical: MRR=0.4588  H@10=1.0000  (n=109)
    CLA - City: MRR=0.0043  H@10=0.0111  (n=90)
    CLA - Region: MRR=0.0032  H@10=0.0000  (n=8)
    Disease - VitalStats: MRR=1.0000  H@10=1.0000  (n=26)
    Disease - GeneFusion: MRR=0.0051  H@10=0.0000  (n=6)
    GDA - Disease: MRR=0.2470  H@10=0.6364  (n=11)
    Gene - GDA: MRR=0.0001  H@10=0.0000  (n=17)
    Gene - Pathway: MRR=0.2535  H@10=0.4783  (n=46)
    City - Country: MRR=0.4518  H@10=0.8000  (n=5)
    Variant - VDA: MRR=0.2460  H@10=0.6667  (n=3)
    VitalStats - People: MRR=0.2058  H@10=0.7500  (n=28)
    VitalStats - Year: MRR=0.1156  H@10=0.2812  (n=32)
    VitalStats - Country: MRR=0.1425  H@10=0.5000  (n=4)
    VitalStats - Region: MRR=0.0363  H@10=0.0625  (n=16)

[4/6] Training DotProduct ...
    Epoch   1/200  loss=0.6930
    Epoch  20/200  loss=0.1534
    Epoch  40/200  loss=0.1132
    Epoch  60/200  loss=0.1063
    Epoch  80/200  loss=0.1042
    Epoch 100/200  loss=0.1028
    Epoch 120/200  loss=0.1023
    Epoch 140/200  loss=0.1018
    Epoch 160/200  loss=0.1014
    Epoch 180/200  loss=0.1008
    Epoch 200/200  loss=0.1003
    Done in 508.9s
  Evaluating DotProduct ...
    Overall: MRR=0.2359  H@1=0.1300  H@3=0.2400  H@10=0.5360
    CLA - Year: MRR=0.1983  H@10=0.6842  (n=114)
    CLA - Chemical: MRR=0.4255  H@10=1.0000  (n=106)
    CLA - City: MRR=0.0016  H@10=0.0000  (n=93)
    CLA - Region: MRR=0.0073  H@10=0.0000  (n=14)
    Disease - VitalStats: MRR=1.0000  H@10=1.0000  (n=20)
    Disease - GeneFusion: MRR=0.0005  H@10=0.0000  (n=4)
    Disease - ChromoRearr: MRR=0.0024  H@10=0.0000  (n=3)
    GDA - Disease: MRR=0.4119  H@10=0.9000  (n=10)
    Gene - GDA: MRR=0.0001  H@10=0.0000  (n=10)
    Gene - Pathway: MRR=0.3569  H@10=0.5714  (n=42)
    VitalStats - People: MRR=0.2341  H@10=0.9048  (n=21)
    VitalStats - Year: MRR=0.1381  H@10=0.2500  (n=24)
    VitalStats - Country: MRR=0.0764  H@10=0.2500  (n=12)
    VitalStats - Region: MRR=0.0108  H@10=0.0000  (n=21)

[5/6] Saving results ...
  -> baseline_results.json

[6/6] Generating figures ...
  -> figs/baseline_training_curves.png
  -> figs/baseline_metrics.png
  -> figs/baseline_per_relation.png

======================================================================
Done.
  TransE      MRR=0.2466  H@1=0.1280  H@3=0.2720  H@10=0.5360
  DotProduct  MRR=0.2359  H@1=0.1300  H@3=0.2400  H@10=0.5360
======================================================================
