[Config] Loaded R-GCN architecture from best_config.json: hidden=128, layers=2, bases=6, dropout=0.15000000000000002
======================================================================
09_normalize_scores.py
======================================================================

[1/6] Loading graph and model ...
  Graph: 206,151 nodes, 24 relations, 631,659 edges
  Known triples: 631,659
  Model loaded

[2/6] Computing embeddings ...
  Embeddings shape: torch.Size([206151, 128])

[3/6] Scoring known TRUE triples per relation ...
  CLA -> City: 117,609 TRUE, median=0.973, max=1.000
  VitalStatistics__has_output__People: 33,488 TRUE, median=0.917, max=0.991
  Disease -> VitalStats: 33,488 TRUE, median=0.665, max=0.796
  ChemicalLocationAssociation__has_time_boundary__CalendarYear: 131,610 TRUE, median=0.895, max=1.000
  ChemicalLocationAssociation__refers_to__Chemical: 131,610 TRUE, median=0.867, max=0.969
  VitalStats -> Country: 10,412 TRUE, median=0.956, max=0.999
  VitalStatistics__has_time_boundary__CalendarYear: 33,488 TRUE, median=0.897, max=0.993
  VitalStats -> Region: 23,076 TRUE, median=0.968, max=1.000
  CLA -> Region: 14,001 TRUE, median=0.963, max=1.000
  GeographicRegion__part_of__Country: 518 TRUE, median=0.863, max=0.994
  GeoPoliticalRegion__part_of__Country: 3,143 TRUE, median=0.845, max=1.000
  Gene__has_association__GeneDiseaseAssociation: 17,701 TRUE, median=0.999, max=1.000
  GDA -> Disease: 17,701 TRUE, median=0.916, max=0.997
  Variant__has_variant_association__VariantDiseaseAssociation: 733 TRUE, median=0.984, max=1.000
  VDA -> Disease: 733 TRUE, median=0.705, max=0.971
  VariantDiseaseAssociation__located_in_gene__Gene: 733 TRUE, median=0.971, max=0.999
  Variant__located_in_gene__Gene: 783 TRUE, median=0.975, max=1.000
  Gene -> Pathway: 54,005 TRUE, median=0.948, max=1.000
  Pathway__linked_to__Disease: 2 TRUE, median=0.919, max=0.922
  GeneProduct__part_of_pathway__Pathway: 168 TRUE, median=0.783, max=0.897
  Biomarker -> Disease: 24 TRUE, median=0.675, max=0.704
  Disease -> ChromoRearr: 2,309 TRUE, median=0.787, max=0.996
  Disease -> GeneFusion: 4,289 TRUE, median=0.823, max=0.976
  Disease__subtype_of__Disease: 35 TRUE, median=0.678, max=0.791

[4/6] Scoring 1000 random FALSE triples per relation (type-aware) ...
  CLA -> City: 1000 FALSE, median=0.000, max=0.990
  VitalStatistics__has_output__People: 1000 FALSE, median=0.000, max=0.942
  Disease -> VitalStats: 1000 FALSE, median=0.000, max=0.000
  ChemicalLocationAssociation__has_time_boundary__CalendarYear: 1000 FALSE, median=0.000, max=0.943
  ChemicalLocationAssociation__refers_to__Chemical: 1000 FALSE, median=0.000, max=0.881
  VitalStats -> Country: 1000 FALSE, median=0.000, max=0.964
  VitalStatistics__has_time_boundary__CalendarYear: 1000 FALSE, median=0.000, max=0.954
  VitalStats -> Region: 1000 FALSE, median=0.000, max=0.977
  CLA -> Region: 1000 FALSE, median=0.000, max=0.961
  GeographicRegion__part_of__Country: 1000 FALSE, median=0.000, max=0.992
  GeoPoliticalRegion__part_of__Country: 1000 FALSE, median=0.000, max=0.970
  Gene__has_association__GeneDiseaseAssociation: 1000 FALSE, median=0.000, max=0.988
  GDA -> Disease: 1000 FALSE, median=0.000, max=0.967
  Variant__has_variant_association__VariantDiseaseAssociation: 1000 FALSE, median=0.000, max=0.995
  VDA -> Disease: 1000 FALSE, median=0.000, max=0.029
  VariantDiseaseAssociation__located_in_gene__Gene: 1000 FALSE, median=0.000, max=0.473
  Variant__located_in_gene__Gene: 1000 FALSE, median=0.000, max=0.537
  Gene -> Pathway: 1000 FALSE, median=0.000, max=0.962
  Pathway__linked_to__Disease: 1000 FALSE, median=0.000, max=0.737
  GeneProduct__part_of_pathway__Pathway: 1000 FALSE, median=0.000, max=0.524
  Biomarker -> Disease: 1000 FALSE, median=0.000, max=0.100
  Disease -> ChromoRearr: 1000 FALSE, median=0.000, max=0.002
  Disease -> GeneFusion: 1000 FALSE, median=0.000, max=0.000
  Disease__subtype_of__Disease: 1000 FALSE, median=0.000, max=0.791

[5/6] Computing distribution statistics ...
  -> score_distributions.json

[6/6] Validating novel predictions ...
  -> novel_predictions_validated.json

  Generating validation figure ...
  -> figs/score_validation.png

======================================================================
SUMMARY: True vs false score separation per relation
======================================================================
Relation                                        TRUE med  FALSE med    AUROC
------------------------------------------------------------------------------
CLA -> City                                        0.973      0.000    0.928
VitalStatistics__has_output__People                0.917      0.000    0.974
Disease -> VitalStats                              0.665      0.000    1.000
ChemicalLocationAssociation__has_time_bound        0.895      0.000    0.969
ChemicalLocationAssociation__refers_to__Che        0.867      0.000    0.957
VitalStats -> Country                              0.956      0.000    0.966
VitalStatistics__has_time_boundary__Calenda        0.897      0.000    0.935
VitalStats -> Region                               0.968      0.000    0.965
CLA -> Region                                      0.963      0.000    0.975
GeographicRegion__part_of__Country                 0.863      0.000    0.951
GeoPoliticalRegion__part_of__Country               0.845      0.000    0.969
Gene__has_association__GeneDiseaseAssociati        0.999      0.000    1.000
GDA -> Disease                                     0.916      0.000    0.973
Variant__has_variant_association__VariantDi        0.984      0.000    0.989
VDA -> Disease                                     0.705      0.000    0.999
VariantDiseaseAssociation__located_in_gene_        0.971      0.000    0.999
Variant__located_in_gene__Gene                     0.975      0.000    0.996
Gene -> Pathway                                    0.948      0.000    0.988
Pathway__linked_to__Disease                        0.919      0.000    1.000
GeneProduct__part_of_pathway__Pathway              0.783      0.000    0.940
Biomarker -> Disease                               0.675      0.000    0.999
Disease -> ChromoRearr                             0.787      0.000    0.988
Disease -> GeneFusion                              0.823      0.000    0.994
Disease__subtype_of__Disease                       0.678      0.000    0.989

Top novel predictions per key relation (with confidence):

  GDA -> Disease:
    1. DDR2 -> Non-squamous non-small cell lung score=0.991  vs_false=100.0%  vs_true= 99.2%  [very strong]
    2. EGFR -> Non-squamous non-small cell lung score=0.989  vs_false=100.0%  vs_true= 98.9%  [very strong]
    3. CCDC6 -> Carcinoma, Spindle-Cell         score=0.987  vs_false=100.0%  vs_true= 98.0%  [very strong]
    4. KRT19 -> Non-squamous non-small cell lun score=0.987  vs_false=100.0%  vs_true= 97.6%  [very strong]
    5. IL6ST -> Adenocarcinoma, Oxyphilic       score=0.983  vs_false=100.0%  vs_true= 95.5%  [very strong]

  VDA -> Disease:
    1. VDA_rs17851045_C0007131 -> Small cell ca score=0.892  vs_false=100.0%  vs_true= 91.0%  [very strong]
    2. VDA_rs1057519729_C0007131 -> Small cell  score=0.880  vs_false=100.0%  vs_true= 90.2%  [very strong]
    3. VDA_rs727503094_C0007131 -> Small cell c score=0.863  vs_false=100.0%  vs_true= 89.2%  [very strong]
    4. VDA_rs140013431_C0149925 -> Non-Small Ce score=0.698  vs_false=100.0%  vs_true= 43.8%  [moderate]
    5. VDA_rs1778335_C0149925 -> Non-Small Cell score=0.653  vs_false=100.0%  vs_true= 19.4%  [weak]

  Gene -> Pathway:
    1. UBXN1 -> WP3363                          score=0.999  vs_false=100.0%  vs_true= 99.8%  [very strong]
    2. AOX1 -> WP4994                           score=0.998  vs_false=100.0%  vs_true= 99.6%  [very strong]
    3. GPR18 -> WP24                            score=0.998  vs_false=100.0%  vs_true= 99.6%  [very strong]
    4. UBXN1 -> WP2717                          score=0.998  vs_false=100.0%  vs_true= 99.4%  [very strong]
    5. PKP2 -> WP1793                           score=0.998  vs_false=100.0%  vs_true= 99.4%  [very strong]

  Disease -> GeneFusion:
    1. Lung Adenocarcinoma In Situ -> SQSTM1::N score=0.460  vs_false=100.0%  vs_true= 19.6%  [weak]
    2. Fetal adenocarcinoma of lung -> SQSTM1:: score=0.194  vs_false=100.0%  vs_true= 19.6%  [weak]
    3. Lung Acinar Adenocarcinoma -> SQSTM1::NT score=0.063  vs_false=100.0%  vs_true= 19.6%  [weak]
    4. Non-Small Cell Lung Carcinoma -> TMEM87B score=0.012  vs_false=100.0%  vs_true= 19.6%  [weak]
    5. Non-Small Cell Lung Carcinoma -> SND1::B score=0.008  vs_false=100.0%  vs_true= 19.6%  [weak]

Done.
