[Config] Loaded from best_config.json: layers=2, bases=6, hidden=128, dropout=0.15000000000000002, lr=0.00030012301808980484, epochs=200
======================================================================
05_train_rgcn.py (4 layers, type-aware negatives, multi-batch)
======================================================================

[1/5] Loading graph ...
Graph: 206,151 nodes, 24 relations, 631,659 edges
Node features: CalendarYear(1d), ChemicalLocationAssociation(1d), GeoPoliticalRegion(1d), GeographicRegion(1d), People(2d), VitalStatistics(2d), ChromoRearr(1d), Variant(3d), GeneDiseaseAssociation(1d), VariantDiseaseAssociation(2d)
Layers: 2, Bases: 6, Hidden: 128
Device: cuda

[2/5] Splitting triples ...
Split: 505,329 train, 63,165 val, 63,165 test
  Filter set: 631,659 known triples

[3/5] Training R-GCN ...
    Epoch   1/200  loss=0.6477  (124 batches)
    Epoch  20/200  loss=0.4233  (124 batches)
    Epoch  40/200  loss=0.3222  (124 batches)
    Epoch  60/200  loss=0.2641  (124 batches)
    Epoch  80/200  loss=0.2365  (124 batches)
    Epoch 100/200  loss=0.2189  (124 batches)
    Epoch 120/200  loss=0.2081  (124 batches)
    Epoch 140/200  loss=0.1998  (124 batches)
    Epoch 160/200  loss=0.1932  (124 batches)
    Epoch 180/200  loss=0.1871  (124 batches)
    Epoch 200/200  loss=0.1810  (124 batches)
    Done in 5900.3s

[4/5] Evaluating ...
    Overall: MRR=0.2863  H@1=0.1820  H@3=0.3080  H@10=0.5500
    CLA - Year: MRR=0.2057  H@10=0.6545  (n=110)
    CLA - Chemical: MRR=0.5455  H@10=1.0000  (n=104)
    CLA - City: MRR=0.0040  H@10=0.0095  (n=105)
    CLA - Region: MRR=0.0419  H@10=0.1111  (n=9)
    Disease - VitalStats: MRR=1.0000  H@10=1.0000  (n=35)
    Disease - GeneFusion: MRR=0.3339  H@10=0.3333  (n=3)
    GDA - Disease: MRR=0.2648  H@10=0.9091  (n=11)
    Gene - GDA: MRR=0.5718  H@10=0.9167  (n=12)
    Gene - Pathway: MRR=0.1304  H@10=0.3243  (n=37)
    City - Country: MRR=0.1419  H@10=0.8000  (n=5)
    VitalStats - People: MRR=0.3183  H@10=0.5500  (n=20)
    VitalStats - Year: MRR=0.0766  H@10=0.2400  (n=25)
    VitalStats - Country: MRR=0.4098  H@10=0.6667  (n=3)
    VitalStats - Region: MRR=0.0603  H@10=0.2105  (n=19)
  -> rgcn_results.json, rgcn_weights.pt

[5/5] Generating figures ...
  -> figs/rgcn_training_curve.png
  -> figs/rgcn_vs_baselines.png
  -> figs/rgcn_gda_comparison.png

======================================================================
R-GCN: MRR=0.2863  H@1=0.1820  H@3=0.3080  H@10=0.5500
======================================================================
